{"latency_ms": 24.7, "model_id": "mock-good", "model_version": "1.0.0", "output": {"age": 41.8, "confidence": 0.62, "is_adult": true}, "request_id": "c3199a0a-e322-469b-be0a-18a5797708ad", "ts": "2026-09-29T08:51:57.603Z"}
{"latency_ms": 16.1, "model_id": "mock-good", "model_version": "1.0.0", "output": {"age": 42.0, "confidence": 0.62, "is_adult": true}, "request_id": "29400fd6-98e2-4515-ae27-9871c3d73594", "ts": "2026-09-29T08:51:57.621Z"}
{"latency_ms": 15.6, "model_id": "mock-good", "model_version": "1.0.0", "output": {"age": 15.8, "confidence": 0.79, "is_adult": false}, "request_id": "e95743fb-bd6f-43bd-bc8d-540c560467da", "ts": "2026-09-29T08:51:57.638Z"}
{"latency_ms": 15.7, "model_id": "mock-good", "model_version": "1.0.0", "output": {"age": 23.9, "confidence": 0.59, "is_adult": true}, "request_id": "95c9d302-ea91-4e2d-bd87-d339347741ed", "ts": "2026-09-29T08:51:57.655Z"}
{"latency_ms": 19.1, "model_id": "mock-good", "model_version": "1.0.0", "output": {"age": 62.3, "confidence": 0.9, "is_adult": true}, "request_id": "f048d83f-4781-44c7-b81b-add3ede73171", "ts": "2026-09-29T08:51:57.675Z"}
{"latency_ms": 15.7, "model_id": "mock-good", "model_version": "1.0.0", "output": {"age": 23.7, "confidence": 0.59, "is_adult": true}, "request_id": "be0d47c4-185f-4448-a715-ef3caf2523f4", "ts": "2026-09-29T08:51:57.692Z"}
{"latency_ms": 16.2, "model_id": "mock-good", "model_version": "1.0.0", "output": {"age": 13.8, "confidence": 0.78, "is_adult": false}, "request_id": "0cf1d592-8543-40c9-848b-471ef7a8a977", "ts": "2026-09-29T08:51:57.710Z"}
{"latency_ms": 15.7, "model_id": "mock-good", "model_version": "1.0.0", "output": {"age": 34.3, "confidence": 0.85, "is_adult": true}, "request_id": "9289ba92-1256-489e-8a6d-5b4b1ae57c7b", "ts": "2026-09-29T08:51:57.727Z"}
{"latency_ms": 15.8, "model_id": "mock-good", "model_version": "1.0.0", "output": {"age": 15.9, "confidence": 0.72, "is_adult": false}, "request_id": "cdfc942b-b8bd-4549-b7df-0af42f6af97a", "ts": "2026-09-29T08:51:57.744Z"}
{"latency_ms": 15.6, "model_id": "mock-good", "model_version": "1.0.0", "output": {"age": 25.6, "confidence": 0.8, "is_adult": true}, "request_id": "52f05333-4772-458d-b304-aa70bdea58b6", "ts": "2026-09-29T08:51:57.761Z"}
{"latency_ms": 15.5, "model_id": "mock-good", "model_version": "1.0.0", "output": {"age": 14.2, "confidence": 0.78, "is_adult": false}, "request_id": "75d37d96-be06-45cd-b203-8fc075de7d0b", "ts": "2026-09-29T08:51:57.778Z"}
{"latency_ms": 15.9, "model_id": "mock-good", "model_version": "1.0.0", "output": {"age": 48.3, "confidence": 0.84, "is_adult": true}, "request_id": "6d97b508-7796-4810-96f4-a60e402b677c", "ts": "2026-09-29T08:51:57.796Z"}
{"latency_ms": 16.1, "model_id": "mock-good", "model_version": "1.0.0", "output": {"age": 37.8, "confidence": 0.61, "is_adult": true}, "request_id": "3485f9e0-244d-4bdc-b361-b279d8f2f760", "ts": "2026-09-29T08:51:57.813Z"}
{"latency_ms": 20.0, "model_id": "mock-good", "model_version": "1.0.0", "output": {"age": 47.7, "confidence": 0.77, "is_adult": true}, "request_id": "fe60884d-51d8-445f-beab-f3304824d246", "ts": "2026-09-29T08:51:57.834Z"}
{"latency_ms": 16.0, "model_id": "mock-good", "model_version": "1.0.0", "output": {"age": 46.0, "confidence": 0.77, "is_adult": true}, "request_id": "aee63cda-9f46-4165-8153-867331ea31f7", "ts": "2026-09-29T08:51:57.852Z"}
{"latency_ms": 15.6, "model_id": "mock-good", "model_version": "1.0.0", "output": {"age": 9.9, "confidence": 0.77, "is_adult": false}, "request_id": "f0c432e2-648b-48d3-bb72-003f7b0f30cc", "ts": "2026-09-29T08:51:57.869Z"}
{"latency_ms": 16.3, "model_id": "mock-good", "model_version": "1.0.0", "output": {"age": 11.8, "confidence": 0.69, "is_adult": false}, "request_id": "bbfc3854-9d26-4568-9e0e-ab4c2517c670", "ts": "2026-09-29T08:51:57.886Z"}
{"latency_ms": 16.0, "model_id": "mock-good", "model_version": "1.0.0", "output": {"age": 64.1, "confidence": 0.81, "is_adult": true}, "request_id": "176bb607-743d-4698-a70c-2c58c8534a4a", "ts": "2026-09-29T08:51:57.904Z"}
{"latency_ms": 16.0, "model_id": "mock-good", "model_version": "1.0.0", "output": {"age": 57.8, "confidence": 0.68, "is_adult": true}, "request_id": "bbeffaf5-fbc7-493c-b6c6-23c42955b8e9", "ts": "2026-09-29T08:51:57.921Z"}
{"latency_ms": 15.8, "model_id": "mock-good", "model_version": "1.0.0", "output": {"age": 60.3, "confidence": 0.91, "is_adult": true}, "request_id": "500cedbf-f3e6-456c-b45a-b9a335598171", "ts": "2026-09-29T08:51:57.938Z"}
{"latency_ms": 18.4, "model_id": "mock-good", "model_version": "1.0.0", "output": {"age": 9.9, "confidence": 0.74, "is_adult": false}, "request_id": "083e0750-5827-48eb-9dc9-b3bd13c625f1", "ts": "2026-09-29T08:51:57.958Z"}
{"latency_ms": 15.5, "model_id": "mock-good", "model_version": "1.0.0", "output": {"age": 9.7, "confidence": 0.74, "is_adult": false}, "request_id": "bea7b953-f5ae-4c20-b2a0-1350101e05ce", "ts": "2026-09-29T08:51:57.975Z"}
{"latency_ms": 15.6, "model_id": "mock-good", "model_version": "1.0.0", "output": {"age": 16.2, "confidence": 0.71, "is_adult": false}, "request_id": "0f2af7b7-570e-4e2c-bd77-ce23ecb5801c", "ts": "2026-09-29T08:51:57.992Z"}
{"latency_ms": 15.5, "model_id": "mock-good", "model_version": "1.0.0", "output": {"age": 13.6, "confidence": 0.49, "is_adult": false}, "request_id": "c7f776a1-97d8-497b-be18-43a373a36f53", "ts": "2026-09-29T08:51:58.009Z"}
{"latency_ms": 15.6, "model_id": "mock-good", "model_version": "1.0.0", "output": {"age": 13.8, "confidence": 0.78, "is_adult": false}, "request_id": "610d5752-5ee0-4769-8f9b-6d2257de2d3d", "ts": "2026-09-29T08:51:58.026Z"}
{"latency_ms": 15.9, "model_id": "mock-good", "model_version": "1.0.0", "output": {"age": 12.0, "confidence": 0.43, "is_adult": false}, "request_id": "2e2908bb-1a9a-47a2-9742-719302c9e205", "ts": "2026-09-29T08:51:58.043Z"}
{"latency_ms": 16.3, "model_id": "mock-good", "model_version": "1.0.0", "output": {"age": 24.4, "confidence": 0.77, "is_adult": true}, "request_id": "f29cd8c3-6d85-487d-afbb-b98532bacf0e", "ts": "2026-09-29T08:51:58.061Z"}
{"latency_ms": 15.7, "model_id": "mock-good", "model_version": "1.0.0", "output": {"age": 12.0, "confidence": 0.43, "is_adult": false}, "request_id": "98029110-3d36-428d-991f-b89150f8c7a9", "ts": "2026-09-29T08:51:58.078Z"}
{"latency_ms": 15.5, "model_id": "mock-good", "model_version": "1.0.0", "output": {"age": 9.9, "confidence": 0.77, "is_adult": false}, "request_id": "1c0a40f8-0989-499f-8ab1-2505570b427e", "ts": "2026-09-29T08:51:58.095Z"}
{"latency_ms": 27.3, "model_id": "mock-good", "model_version": "1.0.0", "output": {"age": 54.0, "confidence": 0.77, "is_adult": true}, "request_id": "73ab4528-a9d6-4fb5-acc5-0c9568d0e689", "ts": "2026-09-29T08:51:58.124Z"}
{"latency_ms": 15.5, "model_id": "mock-good", "model_version": "1.0.0", "output": {"age": 12.1, "confidence": 0.76, "is_adult": false}, "request_id": "3b39f956-4173-49b8-8198-6de1db4e0364", "ts": "2026-09-29T08:51:58.141Z"}
{"latency_ms": 16.0, "model_id": "mock-good", "model_version": "1.0.0", "output": {"age": 49.7, "confidence": 0.65, "is_adult": true}, "request_id": "c2217833-63ce-47d2-bd57-81dd8441d35a", "ts": "2026-09-29T08:51:58.158Z"}
{"latency_ms": 18.2, "model_id": "mock-good", "model_version": "1.0.0", "output": {"age": 15.8, "confidence": 0.86, "is_adult": false}, "request_id": "7d729330-7d21-4a82-b07c-4ce99a4b0656", "ts": "2026-09-29T08:51:58.178Z"}
{"latency_ms": 15.8, "model_id": "mock-good", "model_version": "1.0.0", "output": {"age": 15.9, "confidence": 0.77, "is_adult": false}, "request_id": "ef6e66c2-da45-4575-8c52-10fa7f80ffd3", "ts": "2026-09-29T08:51:58.195Z"}
{"latency_ms": 15.9, "model_id": "mock-good", "model_version": "1.0.0", "output": {"age": 23.9, "confidence": 0.73, "is_adult": true}, "request_id": "0a3e4a82-120b-4133-bdb2-06fd6dcb7273", "ts": "2026-09-29T08:51:58.212Z"}
{"latency_ms": 15.7, "model_id": "mock-good", "model_version": "1.0.0", "output": {"age": 13.6, "confidence": 0.78, "is_adult": false}, "request_id": "b1221e0e-0ca1-4174-941b-c0c36c620d7b", "ts": "2026-09-29T08:51:58.230Z"}
{"latency_ms": 24.7, "model_id": "mock-good", "model_version": "1.0.0", "output": {"age": 12.4, "confidence": 0.86, "is_adult": false}, "request_id": "619f27b3-a3a3-49cf-aa85-7f9fe5dc659a", "ts": "2026-09-29T08:51:58.256Z"}
{"latency_ms": 15.7, "model_id": "mock-good", "model_version": "1.0.0", "output": {"age": 11.6, "confidence": 0.77, "is_adult": false}, "request_id": "39e04791-daef-4d93-abba-26fe375fe71c", "ts": "2026-09-29T08:51:58.273Z"}
{"latency_ms": 26.6, "model_id": "mock-good", "model_version": "1.0.0", "output": {"age": 9.7, "confidence": 0.41, "is_adult": false}, "request_id": "774e67d1-da12-4d77-8091-17f2917f1b3b", "ts": "2026-09-29T08:51:58.301Z"}
{"latency_ms": 15.7, "model_id": "mock-good", "model_version": "1.0.0", "output": {"age": 11.7, "confidence": 0.78, "is_adult": false}, "request_id": "ed92a7fc-a36b-477c-ab39-7d2e914a53a4", "ts": "2026-09-29T08:51:58.318Z"}
{"latency_ms": 27.6, "model_id": "mock-good", "model_version": "1.0.0", "output": {"age": 54.3, "confidence": 0.86, "is_adult": true}, "request_id": "6c5442a6-35c9-4560-b02d-9a066ce14e0c", "ts": "2026-09-29T08:51:58.347Z"}
{"latency_ms": 15.7, "model_id": "mock-good", "model_version": "1.0.0", "output": {"age": 38.1, "confidence": 0.82, "is_adult": true}, "request_id": "e54d2fb8-bb5d-486d-bee4-8c9075a2d4b7", "ts": "2026-09-29T08:51:58.364Z"}
{"latency_ms": 16.3, "model_id": "mock-good", "model_version": "1.0.0", "output": {"age": 18.0, "confidence": 0.72, "is_adult": false}, "request_id": "37e0601e-7748-4d6d-9f96-d4a7680bbf69", "ts": "2026-09-29T08:51:58.382Z"}
{"latency_ms": 16.3, "model_id": "mock-good", "model_version": "1.0.0", "output": {"age": 68.4, "confidence": 0.74, "is_adult": true}, "request_id": "62dfa2d2-ed5b-4be6-9ab4-991a0c864388", "ts": "2026-09-29T08:51:58.399Z"}
{"latency_ms": 16.0, "model_id": "mock-good", "model_version": "1.0.0", "output": {"age": 62.1, "confidence": 0.82, "is_adult": true}, "request_id": "c11f3d40-6991-42ab-b837-cb1f4c91b08e", "ts": "2026-09-29T08:51:58.417Z"}
{"latency_ms": 16.1, "model_id": "mock-good", "model_version": "1.0.0", "output": {"age": 25.8, "confidence": 0.56, "is_adult": true}, "request_id": "11783239-b918-40a1-b0dc-e1d0ebe7be1c", "ts": "2026-09-29T08:51:58.434Z"}
{"latency_ms": 15.6, "model_id": "mock-good", "model_version": "1.0.0", "output": {"age": 14.1, "confidence": 0.78, "is_adult": false}, "request_id": "698ce6fb-26cc-44e7-a61d-88f194b40e88", "ts": "2026-09-29T08:51:58.451Z"}
{"latency_ms": 16.1, "model_id": "mock-good", "model_version": "1.0.0", "output": {"age": 31.7, "confidence": 0.72, "is_adult": true}, "request_id": "ccf4f3e2-8e7b-418e-8eba-c70d93427eca", "ts": "2026-09-29T08:51:58.468Z"}
{"latency_ms": 16.2, "model_id": "mock-good", "model_version": "1.0.0", "output": {"age": 60.2, "confidence": 0.69, "is_adult": true}, "request_id": "d3bd31df-aa28-48ae-9cc4-442dae2bf3aa", "ts": "2026-09-29T08:51:58.486Z"}
{"latency_ms": 16.3, "model_id": "mock-good", "model_version": "1.0.0", "output": {"age": 51.9, "confidence": 0.76, "is_adult": true}, "request_id": "bfb6237e-0a12-41ff-81ef-75bc64aa0ac6", "ts": "2026-09-29T08:51:58.504Z"}
{"latency_ms": 15.5, "model_id": "mock-good", "model_version": "1.0.0", "output": {"age": 13.8, "confidence": 0.86, "is_adult": false}, "request_id": "5012c005-7c02-4814-a7f6-23b4b537f858", "ts": "2026-09-29T08:51:58.521Z"}
{"latency_ms": 18.7, "model_id": "mock-good", "model_version": "1.0.0", "output": {"age": 14.0, "confidence": 0.78, "is_adult": false}, "request_id": "ac170f60-07d5-4370-b161-984decb1fe44", "ts": "2026-09-29T08:51:58.541Z"}
{"latency_ms": 15.4, "model_id": "mock-good", "model_version": "1.0.0", "output": {"age": 13.8, "confidence": 0.78, "is_adult": false}, "request_id": "fe434414-a7dd-420d-8248-13d4537ab1c8", "ts": "2026-09-29T08:51:58.557Z"}
{"latency_ms": 16.0, "model_id": "mock-good", "model_version": "1.0.0", "output": {"age": 13.9, "confidence": 0.78, "is_adult": false}, "request_id": "34c7c14f-0b20-4dd1-843c-def3677f076e", "ts": "2026-09-29T08:51:58.574Z"}
{"latency_ms": 15.7, "model_id": "mock-good", "model_version": "1.0.0", "output": {"age": 12.1, "confidence": 0.43, "is_adult": false}, "request_id": "c12ec682-e0f1-466a-8e46-a464569c3ca7", "ts": "2026-09-29T08:51:58.591Z"}
{"latency_ms": 15.8, "model_id": "mock-good", "model_version": "1.0.0", "output": {"age": 10.3, "confidence": 0.77, "is_adult": false}, "request_id": "f2f51dfc-6ccc-4a81-bce6-b6b63ecddf81", "ts": "2026-09-29T08:51:58.609Z"}
{"latency_ms": 15.8, "model_id": "mock-good", "model_version": "1.0.0", "output": {"age": 44.4, "confidence": 0.69, "is_adult": true}, "request_id": "5118faf4-6b7a-48ba-9fbf-85c514ab694e", "ts": "2026-09-29T08:51:58.626Z"}
{"latency_ms": 16.0, "model_id": "mock-good", "model_version": "1.0.0", "output": {"age": 67.6, "confidence": 0.94, "is_adult": true}, "request_id": "a078afdb-e32b-4225-a640-c93bef5a97e1", "ts": "2026-09-29T08:51:58.643Z"}
{"latency_ms": 16.0, "model_id": "mock-good", "model_version": "1.0.0", "output": {"age": 48.0, "confidence": 0.77, "is_adult": true}, "request_id": "ce6dab68-4487-479e-bc40-2bfffca89669", "ts": "2026-09-29T08:51:58.660Z"}
{"latency_ms": 15.7, "model_id": "mock-good", "model_version": "1.0.0", "output": {"age": 12.4, "confidence": 0.46, "is_adult": false}, "request_id": "e48a846b-336f-4bd3-82fa-293279962a35", "ts": "2026-09-29T08:51:58.677Z"}
{"latency_ms": 15.5, "model_id": "mock-good", "model_version": "1.0.0", "output": {"age": 16.4, "confidence": 0.86, "is_adult": false}, "request_id": "6c1a5ab0-a6f9-45a0-b9f4-a53df40d76f1", "ts": "2026-09-29T08:51:58.694Z"}
{"latency_ms": 18.4, "model_id": "mock-good", "model_version": "1.0.0", "output": {"age": 36.1, "confidence": 0.66, "is_adult": true}, "request_id": "a35f30e5-8492-4e9a-b656-1114989bf681", "ts": "2026-09-29T08:51:58.714Z"}
{"latency_ms": 15.6, "model_id": "mock-good", "model_version": "1.0.0", "output": {"age": 11.8, "confidence": 0.69, "is_adult": false}, "request_id": "2a3037a3-921f-4704-9dd5-e9cb94877b54", "ts": "2026-09-29T08:51:58.731Z"}
{"latency_ms": 17.0, "model_id": "mock-good", "model_version": "1.0.0", "output": {"age": 16.3, "confidence": 0.79, "is_adult": false}, "request_id": "dc816864-4fa6-422e-bd94-5b84a81c4961", "ts": "2026-09-29T08:51:58.749Z"}
{"latency_ms": 15.8, "model_id": "mock-good", "model_version": "1.0.0", "output": {"age": 14.1, "confidence": 0.78, "is_adult": false}, "request_id": "1b6d9de8-1072-4629-9ce4-a45684f87e6d", "ts": "2026-09-29T08:51:58.766Z"}
{"latency_ms": 16.1, "model_id": "mock-good", "model_version": "1.0.0", "output": {"age": 61.8, "confidence": 0.71, "is_adult": true}, "request_id": "e2daf5e0-80f2-4eef-af83-713fb664a101", "ts": "2026-09-29T08:51:58.784Z"}
{"latency_ms": 15.4, "model_id": "mock-good", "model_version": "1.0.0", "output": {"age": 13.9, "confidence": 0.86, "is_adult": false}, "request_id": "725ac6da-c2b4-4795-9006-154c8cb24023", "ts": "2026-09-29T08:51:58.801Z"}
{"latency_ms": 16.5, "model_id": "mock-good", "model_version": "1.0.0", "output": {"age": 54.0, "confidence": 0.88, "is_adult": true}, "request_id": "65b92aa9-f491-4800-924c-d1e5ef9f62d1", "ts": "2026-09-29T08:51:58.818Z"}
{"latency_ms": 15.7, "model_id": "mock-good", "model_version": "1.0.0", "output": {"age": 9.6, "confidence": 0.68, "is_adult": false}, "request_id": "40b80bca-6e31-4c3a-ab16-529990302b56", "ts": "2026-09-29T08:51:58.835Z"}
{"latency_ms": 16.0, "model_id": "mock-good", "model_version": "1.0.0", "output": {"age": 44.3, "confidence": 0.76, "is_adult": true}, "request_id": "478de03c-6727-4610-821f-080759500b9a", "ts": "2026-09-29T08:51:58.853Z"}
{"latency_ms": 15.6, "model_id": "mock-good", "model_version": "1.0.0", "output": {"age": 22.0, "confidence": 0.86, "is_adult": true}, "request_id": "5b3c22cc-f3cd-4f32-9bf2-e6cb4c99afe5", "ts": "2026-09-29T08:51:58.870Z"}
{"latency_ms": 15.7, "model_id": "mock-good", "model_version": "1.0.0", "output": {"age": 16.2, "confidence": 0.87, "is_adult": false}, "request_id": "30cd6736-aeb7-4b64-9514-f190c4e77a1e", "ts": "2026-09-29T08:51:58.887Z"}
{"latency_ms": 15.7, "model_id": "mock-good", "model_version": "1.0.0", "output": {"age": 13.9, "confidence": 0.71, "is_adult": false}, "request_id": "6acf393a-42f5-458c-8b3e-e2d31c3bc046", "ts": "2026-09-29T08:51:58.904Z"}
{"latency_ms": 16.3, "model_id": "mock-good", "model_version": "1.0.0", "output": {"age": 37.8, "confidence": 0.61, "is_adult": true}, "request_id": "4df0b1ba-1c83-4298-b724-98b2d57bd228", "ts": "2026-09-29T08:51:58.921Z"}
{"latency_ms": 15.6, "model_id": "mock-good", "model_version": "1.0.0", "output": {"age": 23.7, "confidence": 0.59, "is_adult": true}, "request_id": "633242fc-ef48-4fa4-9e47-10d622ef0aab", "ts": "2026-09-29T08:51:58.938Z"}
{"latency_ms": 15.6, "model_id": "mock-good", "model_version": "1.0.0", "output": {"age": 12.3, "confidence": 0.76, "is_adult": false}, "request_id": "dee4ac1a-634d-47b7-8f29-b206713b22e3", "ts": "2026-09-29T08:51:58.955Z"}
{"latency_ms": 16.6, "model_id": "mock-good", "model_version": "1.0.0", "output": {"age": 41.9, "confidence": 0.76, "is_adult": true}, "request_id": "e54cb0c8-00be-45fd-ad73-be672f787823", "ts": "2026-09-29T08:51:58.973Z"}
{"latency_ms": 15.9, "model_id": "mock-good", "model_version": "1.0.0", "output": {"age": 30.2, "confidence": 0.72, "is_adult": true}, "request_id": "9a2261c5-8193-476c-bd09-4c9b7f6ca844", "ts": "2026-09-29T08:51:58.990Z"}
{"latency_ms": 20.0, "model_id": "mock-good", "model_version": "1.0.0", "output": {"age": 12.0, "confidence": 0.86, "is_adult": false}, "request_id": "163571ba-49d3-4acb-9615-050039a8dd4a", "ts": "2026-09-29T08:51:59.012Z"}
{"latency_ms": 15.8, "model_id": "mock-good", "model_version": "1.0.0", "output": {"age": 44.4, "confidence": 0.69, "is_adult": true}, "request_id": "a2643597-4ecf-4aa7-986b-d00e4d081a61", "ts": "2026-09-29T08:51:59.029Z"}
{"latency_ms": 16.3, "model_id": "mock-good", "model_version": "1.0.0", "output": {"age": 54.0, "confidence": 0.67, "is_adult": true}, "request_id": "9599f239-6ba4-4d53-a77a-49f3d01775ea", "ts": "2026-09-29T08:51:59.047Z"}
{"latency_ms": 16.2, "model_id": "mock-good", "model_version": "1.0.0", "output": {"age": 14.2, "confidence": 0.7, "is_adult": false}, "request_id": "f3b0de5b-b27b-4f0b-a88e-28c10a3cd493", "ts": "2026-09-29T08:51:59.064Z"}
{"latency_ms": 15.7, "model_id": "mock-good", "model_version": "1.0.0", "output": {"age": 15.7, "confidence": 0.79, "is_adult": false}, "request_id": "b724ca96-5054-4b6e-96cd-3e3bc9a911fd", "ts": "2026-09-29T08:51:59.081Z"}
{"latency_ms": 15.5, "model_id": "mock-good", "model_version": "1.0.0", "output": {"age": 13.8, "confidence": 0.86, "is_adult": false}, "request_id": "69c26272-2762-45d5-9d66-6f0398b5d611", "ts": "2026-09-29T08:51:59.098Z"}
{"latency_ms": 16.4, "model_id": "mock-good", "model_version": "1.0.0", "output": {"age": 48.4, "confidence": 0.75, "is_adult": true}, "request_id": "ba54a594-70f6-4932-93b6-19bebeb2c195", "ts": "2026-09-29T08:51:59.116Z"}
{"latency_ms": 15.7, "model_id": "mock-good", "model_version": "1.0.0", "output": {"age": 18.1, "confidence": 0.78, "is_adult": true}, "request_id": "9d5c7f93-a4ba-495c-8980-c70f1eb786b0", "ts": "2026-09-29T08:51:59.133Z"}
{"latency_ms": 15.5, "model_id": "mock-good", "model_version": "1.0.0", "output": {"age": 14.3, "confidence": 0.49, "is_adult": false}, "request_id": "87cbe794-9dcb-49e5-b5ea-2d4383249d30", "ts": "2026-09-29T08:51:59.150Z"}
{"latency_ms": 15.7, "model_id": "mock-good", "model_version": "1.0.0", "output": {"age": 29.9, "confidence": 0.63, "is_adult": true}, "request_id": "552325d8-ba2e-4032-acf9-fbea0f469bd6", "ts": "2026-09-29T08:51:59.167Z"}
{"latency_ms": 15.9, "model_id": "mock-good", "model_version": "1.0.0", "output": {"age": 44.3, "confidence": 0.69, "is_adult": true}, "request_id": "059abba0-1c2e-444e-accc-999a5271a6c8", "ts": "2026-09-29T08:51:59.184Z"}
{"latency_ms": 17.3, "model_id": "mock-good", "model_version": "1.0.0", "output": {"age": 22.0, "confidence": 0.53, "is_adult": true}, "request_id": "2228c077-f690-4c51-8e16-85f8d6ce8c6a", "ts": "2026-09-29T08:51:59.203Z"}
{"latency_ms": 15.9, "model_id": "mock-good", "model_version": "1.0.0", "output": {"age": 13.8, "confidence": 0.86, "is_adult": false}, "request_id": "1a4531f0-7f89-4bed-bb4e-5c89f0e01838", "ts": "2026-09-29T08:51:59.220Z"}
{"latency_ms": 15.4, "model_id": "mock-good", "model_version": "1.0.0", "output": {"age": 19.8, "confidence": 0.86, "is_adult": true}, "request_id": "ad4166f6-a0bb-4563-aa86-820f381e9464", "ts": "2026-09-29T08:51:59.237Z"}
{"latency_ms": 27.4, "model_id": "mock-good", "model_version": "1.0.0", "output": {"age": 44.0, "confidence": 0.82, "is_adult": true}, "request_id": "3e815504-0453-41ba-a363-9b4c9aa7fba9", "ts": "2026-09-29T08:51:59.266Z"}
{"latency_ms": 16.3, "model_id": "mock-good", "model_version": "1.0.0", "output": {"age": 60.4, "confidence": 0.69, "is_adult": true}, "request_id": "75c0ff83-a5ac-48ae-bb49-03b3770f1c50", "ts": "2026-09-29T08:51:59.283Z"}
{"latency_ms": 15.9, "model_id": "mock-good", "model_version": "1.0.0", "output": {"age": 57.8, "confidence": 0.9, "is_adult": true}, "request_id": "57e21b19-6646-405a-80a3-2e8d600ee28b", "ts": "2026-09-29T08:51:59.301Z"}
{"latency_ms": 16.0, "model_id": "mock-good", "model_version": "1.0.0", "output": {"age": 37.9, "confidence": 0.73, "is_adult": true}, "request_id": "fd6ae253-06d9-4e37-9ff7-f740b19c83da", "ts": "2026-09-29T08:51:59.318Z"}
{"latency_ms": 16.0, "model_id": "mock-good", "model_version": "1.0.0", "output": {"age": 45.9, "confidence": 0.76, "is_adult": true}, "request_id": "8862275e-3aa3-4f4b-a8ba-7dd4acedad61", "ts": "2026-09-29T08:51:59.336Z"}
{"latency_ms": 17.0, "model_id": "mock-good", "model_version": "1.0.0", "output": {"age": 46.4, "confidence": 0.74, "is_adult": true}, "request_id": "0b5deae2-e35e-4697-8151-b4f989289e93", "ts": "2026-09-29T08:51:59.354Z"}
{"latency_ms": 15.9, "model_id": "mock-good", "model_version": "1.0.0", "output": {"age": 46.0, "confidence": 0.86, "is_adult": true}, "request_id": "afa2e154-a692-4e13-934e-6343f8f4c8e4", "ts": "2026-09-29T08:51:59.372Z"}
{"latency_ms": 16.0, "model_id": "mock-good", "model_version": "1.0.0", "output": {"age": 10.1, "confidence": 0.39, "is_adult": false}, "request_id": "46ba2889-0250-495e-a4b2-0ed639acf371", "ts": "2026-09-29T08:51:59.389Z"}
{"latency_ms": 15.8, "model_id": "mock-good", "model_version": "1.0.0", "output": {"age": 10.1, "confidence": 0.85, "is_adult": false}, "request_id": "c5c10cb7-66a5-4427-a4cd-611d913278b1", "ts": "2026-09-29T08:51:59.406Z"}
{"latency_ms": 15.8, "model_id": "mock-good", "model_version": "1.0.0", "output": {"age": 9.9, "confidence": 0.77, "is_adult": false}, "request_id": "d8655304-bd99-4b8c-86c4-358a58d3748e", "ts": "2026-09-29T08:51:59.423Z"}
{"latency_ms": 16.0, "model_id": "mock-good", "model_version": "1.0.0", "output": {"age": 46.0, "confidence": 0.77, "is_adult": true}, "request_id": "f349fe5d-b5e3-4130-b03e-77493b3222d8", "ts": "2026-09-29T08:51:59.440Z"}
{"latency_ms": 16.0, "model_id": "mock-good", "model_version": "1.0.0", "output": {"age": 40.3, "confidence": 0.76, "is_adult": true}, "request_id": "0d81081e-858a-4db3-ae8c-2cea0b19c78f", "ts": "2026-09-29T08:51:59.457Z"}
{"latency_ms": 15.7, "model_id": "mock-good", "model_version": "1.0.0", "output": {"age": 10.2, "confidence": 0.67, "is_adult": false}, "request_id": "3213db02-bcf8-4096-85c9-8ea2ab4b4385", "ts": "2026-09-29T08:51:59.474Z"}
{"latency_ms": 15.8, "model_id": "mock-good", "model_version": "1.0.0", "output": {"age": 16.4, "confidence": 0.79, "is_adult": false}, "request_id": "d7b313d1-d4f8-4baf-abc9-8cf967aeb6a5", "ts": "2026-09-29T08:51:59.492Z"}
{"latency_ms": 16.0, "model_id": "mock-good", "model_version": "1.0.0", "output": {"age": 45.6, "confidence": 0.7, "is_adult": true}, "request_id": "1bd4e1c2-0f1e-4ded-aa6a-5869a4f2bba0", "ts": "2026-09-29T08:51:59.510Z"}
{"latency_ms": 15.9, "model_id": "mock-good", "model_version": "1.0.0", "output": {"age": 15.6, "confidence": 0.52, "is_adult": false}, "request_id": "dbcbf5ba-e56a-41cb-95cf-d365d04cba8f", "ts": "2026-09-29T08:51:59.527Z"}
{"latency_ms": 15.5, "model_id": "mock-good", "model_version": "1.0.0", "output": {"age": 10.3, "confidence": 0.74, "is_adult": false}, "request_id": "601e30a8-3c50-46f8-8193-2dbf01d6de93", "ts": "2026-09-29T08:51:59.544Z"}
{"latency_ms": 16.1, "model_id": "mock-good", "model_version": "1.0.0", "output": {"age": 14.3, "confidence": 0.71, "is_adult": false}, "request_id": "6ae3df6c-abae-45bb-91e3-f1dabceb8065", "ts": "2026-09-29T08:51:59.561Z"}
{"latency_ms": 19.9, "model_id": "mock-good", "model_version": "1.0.0", "output": {"age": 14.2, "confidence": 0.78, "is_adult": false}, "request_id": "0b592e99-15b4-4e05-88b2-dfe2f2c1b071", "ts": "2026-09-29T08:51:59.582Z"}
{"latency_ms": 15.7, "model_id": "mock-good", "model_version": "1.0.0", "output": {"age": 10.4, "confidence": 0.85, "is_adult": false}, "request_id": "432bb4d4-1818-4977-a127-39864ee1189b", "ts": "2026-09-29T08:51:59.599Z"}
{"latency_ms": 15.8, "model_id": "mock-good", "model_version": "1.0.0", "output": {"age": 24.4, "confidence": 0.77, "is_adult": true}, "request_id": "57afef6b-e628-437a-a007-b794399a425b", "ts": "2026-09-29T08:51:59.616Z"}
{"latency_ms": 15.7, "model_id": "mock-good", "model_version": "1.0.0", "output": {"age": 10.3, "confidence": 0.41, "is_adult": false}, "request_id": "60f57f22-04d3-434a-bdcf-316d4abaad53", "ts": "2026-09-29T08:51:59.633Z"}
{"latency_ms": 15.7, "model_id": "mock-good", "model_version": "1.0.0", "output": {"age": 40.2, "confidence": 0.85, "is_adult": true}, "request_id": "3da2c90a-2006-4557-9569-a3649a16c235", "ts": "2026-09-29T08:51:59.651Z"}
{"latency_ms": 16.3, "model_id": "mock-good", "model_version": "1.0.0", "output": {"age": 50.0, "confidence": 0.65, "is_adult": true}, "request_id": "566cc450-5201-4c90-97f9-134b80a86bb0", "ts": "2026-09-29T08:51:59.668Z"}
{"latency_ms": 15.8, "model_id": "mock-good", "model_version": "1.0.0", "output": {"age": 30.0, "confidence": 0.63, "is_adult": true}, "request_id": "59a7205f-c5f6-4e50-baff-c35d575fac3b", "ts": "2026-09-29T08:51:59.686Z"}
{"latency_ms": 15.9, "model_id": "mock-good", "model_version": "1.0.0", "output": {"age": 38.4, "confidence": 0.85, "is_adult": true}, "request_id": "5803979c-0f81-485f-beab-9df4fe22d18e", "ts": "2026-09-29T08:51:59.703Z"}
{"latency_ms": 15.6, "model_id": "mock-good", "model_version": "1.0.0", "output": {"age": 16.2, "confidence": 0.87, "is_adult": false}, "request_id": "7d24d134-8974-4bab-9a1d-f648c7232c6c", "ts": "2026-09-29T08:51:59.720Z"}
{"latency_ms": 16.2, "model_id": "mock-good", "model_version": "1.0.0", "output": {"age": 43.8, "confidence": 0.63, "is_adult": true}, "request_id": "ba44a29f-51db-4f4c-a374-a943e223970d", "ts": "2026-09-29T08:51:59.737Z"}
{"latency_ms": 15.9, "model_id": "mock-good", "model_version": "1.0.0", "output": {"age": 52.4, "confidence": 0.88, "is_adult": true}, "request_id": "02c0950a-fa51-47dc-9bb1-7b6e1a3dc88c", "ts": "2026-09-29T08:51:59.754Z"}
{"latency_ms": 16.5, "model_id": "mock-good", "model_version": "1.0.0", "output": {"age": 66.4, "confidence": 0.83, "is_adult": true}, "request_id": "e9cf8f94-79eb-4523-a11f-1b47d80c52bf", "ts": "2026-09-29T08:51:59.772Z"}
{"latency_ms": 15.7, "model_id": "mock-good", "model_version": "1.0.0", "output": {"age": 10.2, "confidence": 0.39, "is_adult": false}, "request_id": "3e26c6a0-a2e0-419e-8ef8-5b8520680a2d", "ts": "2026-09-29T08:51:59.789Z"}
{"latency_ms": 16.3, "model_id": "mock-good", "model_version": "1.0.0", "output": {"age": 13.7, "confidence": 0.49, "is_adult": false}, "request_id": "64f97e55-055f-4dbf-985e-8575b8f5c3e1", "ts": "2026-09-29T08:51:59.807Z"}
{"latency_ms": 16.2, "model_id": "mock-good", "model_version": "1.0.0", "output": {"age": 36.1, "confidence": 0.73, "is_adult": true}, "request_id": "e151db19-3317-4195-b20e-b0a853b6f51d", "ts": "2026-09-29T08:51:59.824Z"}
{"latency_ms": 15.6, "model_id": "mock-good", "model_version": "1.0.0", "output": {"age": 15.8, "confidence": 0.86, "is_adult": false}, "request_id": "c223440d-e3dc-4a2e-9936-44cc6bf11795", "ts": "2026-09-29T08:51:59.842Z"}
{"latency_ms": 15.8, "model_id": "mock-good", "model_version": "1.0.0", "output": {"age": 34.0, "confidence": 0.85, "is_adult": true}, "request_id": "36665277-7448-4753-98fb-e7543b15a264", "ts": "2026-09-29T08:51:59.858Z"}
{"latency_ms": 26.9, "model_id": "mock-good", "model_version": "1.0.0", "output": {"age": 46.0, "confidence": 0.63, "is_adult": true}, "request_id": "2168f0f0-1eca-467d-9135-e5d2c87caebd", "ts": "2026-09-29T08:51:59.887Z"}
{"latency_ms": 24.6, "model_id": "mock-good", "model_version": "1.0.0", "output": {"age": 60.2, "confidence": 0.77, "is_adult": true}, "request_id": "8a909edb-a285-4d71-b465-1be6d7111665", "ts": "2026-09-29T08:51:59.913Z"}
{"latency_ms": 16.0, "model_id": "mock-good", "model_version": "1.0.0", "output": {"age": 14.0, "confidence": 0.46, "is_adult": false}, "request_id": "30706888-35cd-4437-888d-154dfe74dea6", "ts": "2026-09-29T08:51:59.930Z"}
{"latency_ms": 15.9, "model_id": "mock-good", "model_version": "1.0.0", "output": {"age": 13.7, "confidence": 0.71, "is_adult": false}, "request_id": "dc259078-49ca-4986-8f7f-aafeae8299bb", "ts": "2026-09-29T08:51:59.948Z"}
{"latency_ms": 27.8, "model_id": "mock-good", "model_version": "1.0.0", "output": {"age": 15.8, "confidence": 0.48, "is_adult": false}, "request_id": "690a7e41-5ca3-4aee-94a9-faf0f757bf02", "ts": "2026-09-29T08:51:59.977Z"}
{"latency_ms": 15.6, "model_id": "mock-good", "model_version": "1.0.0", "output": {"age": 15.9, "confidence": 0.79, "is_adult": false}, "request_id": "3122cf14-a7e0-481f-874d-2e41e3f38adc", "ts": "2026-09-29T08:51:59.994Z"}
{"latency_ms": 15.7, "model_id": "mock-good", "model_version": "1.0.0", "output": {"age": 14.0, "confidence": 0.71, "is_adult": false}, "request_id": "5ffc21e3-5ed1-44f1-b832-f6354cb9a924", "ts": "2026-09-29T08:52:00.012Z"}
{"latency_ms": 21.6, "model_id": "mock-good", "model_version": "1.0.0", "output": {"age": 49.7, "confidence": 0.84, "is_adult": true}, "request_id": "bf409639-082b-42d1-9fa3-d22bf7341a69", "ts": "2026-09-29T08:52:00.035Z"}
{"latency_ms": 15.9, "model_id": "mock-good", "model_version": "1.0.0", "output": {"age": 16.2, "confidence": 0.77, "is_adult": false}, "request_id": "306f5f1b-81c6-4f80-bc99-87f334771d7e", "ts": "2026-09-29T08:52:00.052Z"}
{"latency_ms": 22.8, "model_id": "mock-good", "model_version": "1.0.0", "output": {"age": 61.6, "confidence": 0.78, "is_adult": true}, "request_id": "091bd163-de49-4acd-83da-6d5e33f8d33a", "ts": "2026-09-29T08:52:00.077Z"}
{"latency_ms": 15.7, "model_id": "mock-good", "model_version": "1.0.0", "output": {"age": 13.9, "confidence": 0.71, "is_adult": false}, "request_id": "8d30b4c5-7caa-4419-952e-8c947c7d63dc", "ts": "2026-09-29T08:52:00.094Z"}
{"latency_ms": 15.8, "model_id": "mock-good", "model_version": "1.0.0", "output": {"age": 14.3, "confidence": 0.46, "is_adult": false}, "request_id": "f81ec391-c7bb-407c-89ac-f6acecc6a72a", "ts": "2026-09-29T08:52:00.112Z"}
{"latency_ms": 15.8, "model_id": "mock-good", "model_version": "1.0.0", "output": {"age": 10.2, "confidence": 0.67, "is_adult": false}, "request_id": "45c00226-7229-434e-983d-03579e351372", "ts": "2026-09-29T08:52:00.129Z"}
{"latency_ms": 16.4, "model_id": "mock-good", "model_version": "1.0.0", "output": {"age": 15.9, "confidence": 0.49, "is_adult": false}, "request_id": "2e0c822b-1354-4167-ac7a-a408063e66ba", "ts": "2026-09-29T08:52:00.147Z"}
{"latency_ms": 16.1, "model_id": "mock-good", "model_version": "1.0.0", "output": {"age": 48.1, "confidence": 0.77, "is_adult": true}, "request_id": "579b8bc3-9de1-4cc5-a020-61fdfcc91a60", "ts": "2026-09-29T08:52:00.165Z"}
{"latency_ms": 20.2, "model_id": "mock-good", "model_version": "1.0.0", "output": {"age": 13.7, "confidence": 0.78, "is_adult": false}, "request_id": "dad7174c-a4fc-491b-b7c1-a10bc5055845", "ts": "2026-09-29T08:52:00.186Z"}
{"latency_ms": 27.0, "model_id": "mock-good", "model_version": "1.0.0", "output": {"age": 18.3, "confidence": 0.54, "is_adult": true}, "request_id": "f2c4a226-909a-45d8-a9ed-775b4958d526", "ts": "2026-09-29T08:52:00.215Z"}
{"latency_ms": 21.5, "model_id": "mock-good", "model_version": "1.0.0", "output": {"age": 25.8, "confidence": 0.85, "is_adult": true}, "request_id": "20faf635-2c27-46d7-9dee-7d38fbc4b069", "ts": "2026-09-29T08:52:00.238Z"}
{"latency_ms": 27.3, "model_id": "mock-good", "model_version": "1.0.0", "output": {"age": 10.2, "confidence": 0.39, "is_adult": false}, "request_id": "5ca41592-65e6-44bd-85dd-4dcf2686384a", "ts": "2026-09-29T08:52:00.267Z"}
{"latency_ms": 22.4, "model_id": "mock-good", "model_version": "1.0.0", "output": {"age": 31.7, "confidence": 0.72, "is_adult": true}, "request_id": "108e7cc4-db44-4609-b6b6-913c7cfb5155", "ts": "2026-09-29T08:52:00.291Z"}
{"latency_ms": 26.9, "model_id": "mock-good", "model_version": "1.0.0", "output": {"age": 12.2, "confidence": 0.46, "is_adult": false}, "request_id": "6bb37d57-9061-44fc-8f33-8de4f13c8969", "ts": "2026-09-29T08:52:00.319Z"}
{"latency_ms": 15.6, "model_id": "mock-good", "model_version": "1.0.0", "output": {"age": 14.2, "confidence": 0.49, "is_adult": false}, "request_id": "2675728d-d0e9-491e-924f-3c98917b5b6d", "ts": "2026-09-29T08:52:00.336Z"}
{"latency_ms": 27.4, "model_id": "mock-good", "model_version": "1.0.0", "output": {"age": 24.0, "confidence": 0.59, "is_adult": true}, "request_id": "ed369d0c-5a9a-4bb6-bf43-c5a25ea32730", "ts": "2026-09-29T08:52:00.365Z"}
{"latency_ms": 23.6, "model_id": "mock-good", "model_version": "1.0.0", "output": {"age": 10.1, "confidence": 0.68, "is_adult": false}, "request_id": "b26ab011-21b1-48f5-bbec-d27fa38e924a", "ts": "2026-09-29T08:52:00.391Z"}
{"latency_ms": 16.0, "model_id": "mock-good", "model_version": "1.0.0", "output": {"age": 13.9, "confidence": 0.78, "is_adult": false}, "request_id": "8bcebc6f-cb2b-4634-a85f-01d86ed36c0c", "ts": "2026-09-29T08:52:00.408Z"}
{"latency_ms": 16.1, "model_id": "mock-good", "model_version": "1.0.0", "output": {"age": 60.0, "confidence": 0.81, "is_adult": true}, "request_id": "a7ae74ac-fddd-4849-b8ae-ec5f1f2728f5", "ts": "2026-09-29T08:52:00.426Z"}
{"latency_ms": 16.2, "model_id": "mock-good", "model_version": "1.0.0", "output": {"age": 36.1, "confidence": 0.76, "is_adult": true}, "request_id": "7d8b5f4d-3245-4bb0-b96b-110ffe710c14", "ts": "2026-09-29T08:52:00.443Z"}
{"latency_ms": 15.6, "model_id": "mock-good", "model_version": "1.0.0", "output": {"age": 14.4, "confidence": 0.49, "is_adult": false}, "request_id": "7b043051-b1b7-4e1a-9918-fa28c36caf0c", "ts": "2026-09-29T08:52:00.460Z"}
{"latency_ms": 15.4, "model_id": "mock-good", "model_version": "1.0.0", "output": {"age": 11.9, "confidence": 0.46, "is_adult": false}, "request_id": "f95e403b-23b3-40c1-80ee-e9eb967f8c5b", "ts": "2026-09-29T08:52:00.477Z"}
{"latency_ms": 26.9, "model_id": "mock-good", "model_version": "1.0.0", "output": {"age": 10.3, "confidence": 0.85, "is_adult": false}, "request_id": "fda694e7-651d-4760-bf69-157b1fc589bf", "ts": "2026-09-29T08:52:00.505Z"}
{"latency_ms": 15.9, "model_id": "mock-good", "model_version": "1.0.0", "output": {"age": 51.7, "confidence": 0.72, "is_adult": true}, "request_id": "85329246-e79b-43c0-9df0-a8bbc55d804c", "ts": "2026-09-29T08:52:00.523Z"}