{"latency_ms": 24.9, "model_id": "mock-good", "model_version": "1.0.0", "output": {"age": 41.8, "confidence": 0.62, "is_adult": true}, "request_id": "b77b70a6-cb3b-42f8-b758-f7ddfa3dfed1", "ts": "2026-09-29T08:51:51.839Z"}
{"latency_ms": 16.2, "model_id": "mock-good", "model_version": "1.0.0", "output": {"age": 42.0, "confidence": 0.62, "is_adult": true}, "request_id": "1c73995e-ea9b-4b14-879c-39de6eb8c8d5", "ts": "2026-09-29T08:51:51.858Z"}
{"latency_ms": 15.7, "model_id": "mock-good", "model_version": "1.0.0", "output": {"age": 15.8, "confidence": 0.79, "is_adult": false}, "request_id": "351c1509-7c99-42dd-a8ff-3d2cdb6cd112", "ts": "2026-09-29T08:51:51.875Z"}
{"latency_ms": 15.5, "model_id": "mock-good", "model_version": "1.0.0", "output": {"age": 23.9, "confidence": 0.59, "is_adult": true}, "request_id": "2dea722a-35c4-4856-962a-bae8d6561dff", "ts": "2026-09-29T08:51:51.892Z"}
{"latency_ms": 19.2, "model_id": "mock-good", "model_version": "1.0.0", "output": {"age": 62.3, "confidence": 0.9, "is_adult": true}, "request_id": "8b680888-cfb9-4042-b9d1-4441682187d6", "ts": "2026-09-29T08:51:51.913Z"}
{"latency_ms": 15.5, "model_id": "mock-good", "model_version": "1.0.0", "output": {"age": 23.7, "confidence": 0.59, "is_adult": true}, "request_id": "83eb6a93-c526-4749-861c-0669402892bd", "ts": "2026-09-29T08:51:51.931Z"}
{"latency_ms": 15.7, "model_id": "mock-good", "model_version": "1.0.0", "output": {"age": 20.8, "confidence": 0.78, "is_adult": true}, "request_id": "c736b07d-ed05-4629-b434-be15a916c2de", "ts": "2026-09-29T08:51:51.948Z"}
{"latency_ms": 15.6, "model_id": "mock-good", "model_version": "1.0.0", "output": {"age": 41.3, "confidence": 0.85, "is_adult": true}, "request_id": "27dab869-9196-444a-8c0f-0233cec224c3", "ts": "2026-09-29T08:51:51.965Z"}
{"latency_ms": 15.8, "model_id": "mock-good", "model_version": "1.0.0", "output": {"age": 15.9, "confidence": 0.72, "is_adult": false}, "request_id": "56cf4f6c-35b6-441f-abdb-5d8a1398ddcc", "ts": "2026-09-29T08:51:51.982Z"}
{"latency_ms": 15.6, "model_id": "mock-good", "model_version": "1.0.0", "output": {"age": 25.6, "confidence": 0.8, "is_adult": true}, "request_id": "7809dd39-d57f-4c82-975c-743f3b413ac4", "ts": "2026-09-29T08:51:51.999Z"}
{"latency_ms": 15.7, "model_id": "mock-good", "model_version": "1.0.0", "output": {"age": 14.2, "confidence": 0.78, "is_adult": false}, "request_id": "47b47d7d-b9e3-4bee-bfb6-b31e3b615692", "ts": "2026-09-29T08:51:52.016Z"}
{"latency_ms": 15.8, "model_id": "mock-good", "model_version": "1.0.0", "output": {"age": 48.3, "confidence": 0.84, "is_adult": true}, "request_id": "b194bd32-f829-4e1c-83f5-749f58bb9c5c", "ts": "2026-09-29T08:51:52.034Z"}
{"latency_ms": 16.0, "model_id": "mock-good", "model_version": "1.0.0", "output": {"age": 37.8, "confidence": 0.61, "is_adult": true}, "request_id": "e406722a-13c6-476c-9d93-f075bf5c3bb3", "ts": "2026-09-29T08:51:52.051Z"}
{"latency_ms": 15.8, "model_id": "mock-good", "model_version": "1.0.0", "output": {"age": 54.7, "confidence": 0.77, "is_adult": true}, "request_id": "3e342e95-b0f1-43c1-bf8e-89e456849bdc", "ts": "2026-09-29T08:51:52.072Z"}
{"latency_ms": 16.1, "model_id": "mock-good", "model_version": "1.0.0", "output": {"age": 53.0, "confidence": 0.77, "is_adult": true}, "request_id": "d7ac7c12-9b33-4700-a90e-0d6c75e1a8e4", "ts": "2026-09-29T08:51:52.090Z"}
{"latency_ms": 16.1, "model_id": "mock-good", "model_version": "1.0.0", "output": {"age": 16.9, "confidence": 0.77, "is_adult": false}, "request_id": "3e297103-17db-4466-a9e1-a2df1125f5c3", "ts": "2026-09-29T08:51:52.108Z"}
{"latency_ms": 15.6, "model_id": "mock-good", "model_version": "1.0.0", "output": {"age": 11.8, "confidence": 0.69, "is_adult": false}, "request_id": "8e9ad824-782b-46b7-849d-2c36a97fd92a", "ts": "2026-09-29T08:51:52.124Z"}
{"latency_ms": 16.2, "model_id": "mock-good", "model_version": "1.0.0", "output": {"age": 64.1, "confidence": 0.81, "is_adult": true}, "request_id": "3138af1c-aec1-4022-8090-43b68a7a7bd6", "ts": "2026-09-29T08:51:52.142Z"}
{"latency_ms": 16.1, "model_id": "mock-good", "model_version": "1.0.0", "output": {"age": 57.8, "confidence": 0.68, "is_adult": true}, "request_id": "08523605-5590-4735-8c2b-1560b631c31a", "ts": "2026-09-29T08:51:52.160Z"}
{"latency_ms": 16.2, "model_id": "mock-good", "model_version": "1.0.0", "output": {"age": 67.3, "confidence": 0.91, "is_adult": true}, "request_id": "1194d95f-1508-4871-a218-4988f92a3072", "ts": "2026-09-29T08:51:52.177Z"}
{"latency_ms": 15.6, "model_id": "mock-good", "model_version": "1.0.0", "output": {"age": 9.9, "confidence": 0.74, "is_adult": false}, "request_id": "842b8b0d-7114-46f6-8162-7339637b2aef", "ts": "2026-09-29T08:51:52.194Z"}
{"latency_ms": 15.9, "model_id": "mock-good", "model_version": "1.0.0", "output": {"age": 9.7, "confidence": 0.74, "is_adult": false}, "request_id": "1db4718f-4976-4afc-8845-a8ba80677e79", "ts": "2026-09-29T08:51:52.212Z"}
{"latency_ms": 16.0, "model_id": "mock-good", "model_version": "1.0.0", "output": {"age": 16.2, "confidence": 0.71, "is_adult": false}, "request_id": "4c6b139a-fdfe-4569-bfa1-08d7634d47b7", "ts": "2026-09-29T08:51:52.230Z"}
{"latency_ms": 16.0, "model_id": "mock-good", "model_version": "1.0.0", "output": {"age": 13.6, "confidence": 0.49, "is_adult": false}, "request_id": "29295281-71ea-43a4-8e05-ae6d6a8eccca", "ts": "2026-09-29T08:51:52.247Z"}
{"latency_ms": 15.8, "model_id": "mock-good", "model_version": "1.0.0", "output": {"age": 13.8, "confidence": 0.78, "is_adult": false}, "request_id": "dc005fdf-9089-4529-8c0e-8494a677aa0e", "ts": "2026-09-29T08:51:52.265Z"}
{"latency_ms": 15.7, "model_id": "mock-good", "model_version": "1.0.0", "output": {"age": 12.0, "confidence": 0.43, "is_adult": false}, "request_id": "20f76dfe-cedc-43ad-942e-5f38b6226c7d", "ts": "2026-09-29T08:51:52.282Z"}
{"latency_ms": 15.7, "model_id": "mock-good", "model_version": "1.0.0", "output": {"age": 31.4, "confidence": 0.77, "is_adult": true}, "request_id": "dc3c17ba-9a51-459c-8cf2-50af68fffd7a", "ts": "2026-09-29T08:51:52.299Z"}
{"latency_ms": 15.9, "model_id": "mock-good", "model_version": "1.0.0", "output": {"age": 12.0, "confidence": 0.43, "is_adult": false}, "request_id": "3865d781-a1ab-44a3-bc0e-5904790142ca", "ts": "2026-09-29T08:51:52.317Z"}
{"latency_ms": 15.7, "model_id": "mock-good", "model_version": "1.0.0", "output": {"age": 16.9, "confidence": 0.77, "is_adult": false}, "request_id": "7bd76ed6-7cfc-4d7d-bb50-f57162162944", "ts": "2026-09-29T08:51:52.335Z"}
{"latency_ms": 16.1, "model_id": "mock-good", "model_version": "1.0.0", "output": {"age": 54.0, "confidence": 0.77, "is_adult": true}, "request_id": "3482c5b6-b401-405b-8ae1-e56d223b09e0", "ts": "2026-09-29T08:51:52.352Z"}
{"latency_ms": 15.6, "model_id": "mock-good", "model_version": "1.0.0", "output": {"age": 12.1, "confidence": 0.76, "is_adult": false}, "request_id": "2f8374f8-1bb1-44bd-b00f-c949cd373147", "ts": "2026-09-29T08:51:52.370Z"}
{"latency_ms": 16.0, "model_id": "mock-good", "model_version": "1.0.0", "output": {"age": 49.7, "confidence": 0.65, "is_adult": true}, "request_id": "6c433f6c-177b-4e41-93f1-90471143a4af", "ts": "2026-09-29T08:51:52.387Z"}
{"latency_ms": 15.9, "model_id": "mock-good", "model_version": "1.0.0", "output": {"age": 22.8, "confidence": 0.86, "is_adult": true}, "request_id": "31255265-08a1-49d8-a61c-1814ad378645", "ts": "2026-09-29T08:51:52.405Z"}
{"latency_ms": 15.7, "model_id": "mock-good", "model_version": "1.0.0", "output": {"age": 22.9, "confidence": 0.77, "is_adult": true}, "request_id": "5ad2cca0-7d50-45bc-b552-aec9e067efbe", "ts": "2026-09-29T08:51:52.422Z"}
{"latency_ms": 15.8, "model_id": "mock-good", "model_version": "1.0.0", "output": {"age": 23.9, "confidence": 0.73, "is_adult": true}, "request_id": "a1c8b4b8-a919-4002-a223-9f9fdaec8f2e", "ts": "2026-09-29T08:51:52.439Z"}
{"latency_ms": 16.6, "model_id": "mock-good", "model_version": "1.0.0", "output": {"age": 13.6, "confidence": 0.78, "is_adult": false}, "request_id": "b3bc7bbf-c6d0-4e53-ba32-96442f92c80e", "ts": "2026-09-29T08:51:52.458Z"}
{"latency_ms": 15.4, "model_id": "mock-good", "model_version": "1.0.0", "output": {"age": 19.4, "confidence": 0.86, "is_adult": true}, "request_id": "eb351c1e-b93d-4017-a04e-f65a03810360", "ts": "2026-09-29T08:51:52.475Z"}
{"latency_ms": 15.9, "model_id": "mock-good", "model_version": "1.0.0", "output": {"age": 18.6, "confidence": 0.77, "is_adult": true}, "request_id": "ff7e2a79-569f-4cfd-b73b-184965fbd233", "ts": "2026-09-29T08:51:52.492Z"}
{"latency_ms": 15.8, "model_id": "mock-good", "model_version": "1.0.0", "output": {"age": 9.7, "confidence": 0.41, "is_adult": false}, "request_id": "f86cfbca-43ca-4cb5-9c4d-0a78854d0044", "ts": "2026-09-29T08:51:52.509Z"}
{"latency_ms": 15.8, "model_id": "mock-good", "model_version": "1.0.0", "output": {"age": 18.7, "confidence": 0.78, "is_adult": true}, "request_id": "36765d42-2c89-49c3-9de9-1916c2b23f43", "ts": "2026-09-29T08:51:52.526Z"}
{"latency_ms": 16.2, "model_id": "mock-good", "model_version": "1.0.0", "output": {"age": 54.3, "confidence": 0.86, "is_adult": true}, "request_id": "517ca933-bfd9-47ab-8267-448d04ea9625", "ts": "2026-09-29T08:51:52.544Z"}
{"latency_ms": 15.8, "model_id": "mock-good", "model_version": "1.0.0", "output": {"age": 38.1, "confidence": 0.82, "is_adult": true}, "request_id": "0b5b8bd7-33a5-4520-b79c-fa5469167403", "ts": "2026-09-29T08:51:52.561Z"}
{"latency_ms": 15.8, "model_id": "mock-good", "model_version": "1.0.0", "output": {"age": 18.0, "confidence": 0.72, "is_adult": false}, "request_id": "c0e03984-7c8f-4ca3-9465-1bf545c5ec37", "ts": "2026-09-29T08:51:52.578Z"}
{"latency_ms": 16.3, "model_id": "mock-good", "model_version": "1.0.0", "output": {"age": 68.4, "confidence": 0.74, "is_adult": true}, "request_id": "1b88ae03-1ab2-445d-9359-8e4f208eee30", "ts": "2026-09-29T08:51:52.595Z"}
{"latency_ms": 16.3, "model_id": "mock-good", "model_version": "1.0.0", "output": {"age": 69.1, "confidence": 0.82, "is_adult": true}, "request_id": "ca8ce454-3bf0-4a2f-ae56-24dbf6e21d51", "ts": "2026-09-29T08:51:52.613Z"}
{"latency_ms": 16.2, "model_id": "mock-good", "model_version": "1.0.0", "output": {"age": 25.8, "confidence": 0.56, "is_adult": true}, "request_id": "d8f79a32-14a5-4f8d-9f26-50238b2a208c", "ts": "2026-09-29T08:51:52.631Z"}
{"latency_ms": 15.8, "model_id": "mock-good", "model_version": "1.0.0", "output": {"age": 21.1, "confidence": 0.78, "is_adult": true}, "request_id": "a2a8405b-92ed-4d21-a164-e3c78e076df6", "ts": "2026-09-29T08:51:52.648Z"}
{"latency_ms": 17.2, "model_id": "mock-good", "model_version": "1.0.0", "output": {"age": 31.7, "confidence": 0.72, "is_adult": true}, "request_id": "5d7cc8ad-d1db-492c-a2d9-c4738dcf2167", "ts": "2026-09-29T08:51:52.667Z"}
{"latency_ms": 16.9, "model_id": "mock-good", "model_version": "1.0.0", "output": {"age": 60.2, "confidence": 0.69, "is_adult": true}, "request_id": "cdefa47c-4640-4204-8c48-3dd3a4eba9b7", "ts": "2026-09-29T08:51:52.685Z"}
{"latency_ms": 16.6, "model_id": "mock-good", "model_version": "1.0.0", "output": {"age": 51.9, "confidence": 0.76, "is_adult": true}, "request_id": "14869d07-378d-4168-93b1-bf546a01e667", "ts": "2026-09-29T08:51:52.703Z"}
{"latency_ms": 15.6, "model_id": "mock-good", "model_version": "1.0.0", "output": {"age": 20.8, "confidence": 0.86, "is_adult": true}, "request_id": "3309e5b7-3294-4faf-8efe-7338ea5c3c5b", "ts": "2026-09-29T08:51:52.720Z"}
{"latency_ms": 15.7, "model_id": "mock-good", "model_version": "1.0.0", "output": {"age": 14.0, "confidence": 0.78, "is_adult": false}, "request_id": "906520b9-e8e5-4cb1-ab65-31596768e4c7", "ts": "2026-09-29T08:51:52.737Z"}
{"latency_ms": 15.5, "model_id": "mock-good", "model_version": "1.0.0", "output": {"age": 13.8, "confidence": 0.78, "is_adult": false}, "request_id": "8c2da67d-93a9-406d-9177-f8631a3b9e0c", "ts": "2026-09-29T08:51:52.754Z"}
{"latency_ms": 17.6, "model_id": "mock-good", "model_version": "1.0.0", "output": {"age": 20.9, "confidence": 0.78, "is_adult": true}, "request_id": "721955a8-2019-479d-9dfd-40604b98d8c4", "ts": "2026-09-29T08:51:52.773Z"}
{"latency_ms": 15.7, "model_id": "mock-good", "model_version": "1.0.0", "output": {"age": 12.1, "confidence": 0.43, "is_adult": false}, "request_id": "a6986d38-e206-4be3-bedd-2b10a046a8c9", "ts": "2026-09-29T08:51:52.790Z"}
{"latency_ms": 15.6, "model_id": "mock-good", "model_version": "1.0.0", "output": {"age": 17.3, "confidence": 0.77, "is_adult": false}, "request_id": "dc3cc0b7-f9d3-41e1-a564-802807c46923", "ts": "2026-09-29T08:51:52.808Z"}
{"latency_ms": 15.9, "model_id": "mock-good", "model_version": "1.0.0", "output": {"age": 44.4, "confidence": 0.69, "is_adult": true}, "request_id": "1e17f861-ed4e-4b71-a735-50e619e42cff", "ts": "2026-09-29T08:51:52.825Z"}
{"latency_ms": 16.0, "model_id": "mock-good", "model_version": "1.0.0", "output": {"age": 67.6, "confidence": 0.94, "is_adult": true}, "request_id": "1836fb8c-eea6-4d6c-9abc-8ee428b9c2cc", "ts": "2026-09-29T08:51:52.843Z"}
{"latency_ms": 16.0, "model_id": "mock-good", "model_version": "1.0.0", "output": {"age": 55.0, "confidence": 0.77, "is_adult": true}, "request_id": "07a2b057-6334-42fd-9310-cbb980654404", "ts": "2026-09-29T08:51:52.861Z"}
{"latency_ms": 15.6, "model_id": "mock-good", "model_version": "1.0.0", "output": {"age": 12.4, "confidence": 0.46, "is_adult": false}, "request_id": "790fa7d9-0a5e-492f-8365-d82b0e0359f8", "ts": "2026-09-29T08:51:52.878Z"}
{"latency_ms": 15.5, "model_id": "mock-good", "model_version": "1.0.0", "output": {"age": 23.4, "confidence": 0.86, "is_adult": true}, "request_id": "d1f53974-1068-40a9-a194-5c93036d93ae", "ts": "2026-09-29T08:51:52.895Z"}
{"latency_ms": 15.6, "model_id": "mock-good", "model_version": "1.0.0", "output": {"age": 36.1, "confidence": 0.66, "is_adult": true}, "request_id": "9f122fde-c102-4205-ab7b-632f8ab4f8f7", "ts": "2026-09-29T08:51:52.912Z"}
{"latency_ms": 16.0, "model_id": "mock-good", "model_version": "1.0.0", "output": {"age": 11.8, "confidence": 0.69, "is_adult": false}, "request_id": "35be5df9-6b04-4d07-92c2-6870d5bc4222", "ts": "2026-09-29T08:51:52.929Z"}
{"latency_ms": 15.6, "model_id": "mock-good", "model_version": "1.0.0", "output": {"age": 16.3, "confidence": 0.79, "is_adult": false}, "request_id": "b1a40230-8f74-4e4c-816f-151a8377a8a3", "ts": "2026-09-29T08:51:52.947Z"}
{"latency_ms": 15.6, "model_id": "mock-good", "model_version": "1.0.0", "output": {"age": 21.1, "confidence": 0.78, "is_adult": true}, "request_id": "9f20fc2b-a0a6-4339-86d5-533716bc266d", "ts": "2026-09-29T08:51:52.964Z"}
{"latency_ms": 16.2, "model_id": "mock-good", "model_version": "1.0.0", "output": {"age": 61.8, "confidence": 0.71, "is_adult": true}, "request_id": "9eb90d51-7af1-4397-b809-ab45f719ef0e", "ts": "2026-09-29T08:51:52.982Z"}
{"latency_ms": 15.5, "model_id": "mock-good", "model_version": "1.0.0", "output": {"age": 20.9, "confidence": 0.86, "is_adult": true}, "request_id": "225b4157-6bbe-4f0c-a6b7-d0d9b71f6e0f", "ts": "2026-09-29T08:51:52.998Z"}
{"latency_ms": 15.9, "model_id": "mock-good", "model_version": "1.0.0", "output": {"age": 61.0, "confidence": 0.88, "is_adult": true}, "request_id": "a30e0ad7-ced3-438f-a316-771ca1f97f8f", "ts": "2026-09-29T08:51:53.016Z"}
{"latency_ms": 16.0, "model_id": "mock-good", "model_version": "1.0.0", "output": {"age": 9.6, "confidence": 0.68, "is_adult": false}, "request_id": "bea25bab-fbae-4718-be32-dc4d99ca3f05", "ts": "2026-09-29T08:51:53.033Z"}
{"latency_ms": 15.9, "model_id": "mock-good", "model_version": "1.0.0", "output": {"age": 51.3, "confidence": 0.76, "is_adult": true}, "request_id": "67d027a5-ae86-4178-b650-7834c62ad7f5", "ts": "2026-09-29T08:51:53.050Z"}
{"latency_ms": 15.4, "model_id": "mock-good", "model_version": "1.0.0", "output": {"age": 29.0, "confidence": 0.86, "is_adult": true}, "request_id": "9750146f-3ab4-420f-aafa-5aa01eca02b5", "ts": "2026-09-29T08:51:53.067Z"}
{"latency_ms": 15.7, "model_id": "mock-good", "model_version": "1.0.0", "output": {"age": 23.2, "confidence": 0.87, "is_adult": true}, "request_id": "44dd2514-b872-468c-a10b-f750128acae9", "ts": "2026-09-29T08:51:53.084Z"}
{"latency_ms": 15.8, "model_id": "mock-good", "model_version": "1.0.0", "output": {"age": 13.9, "confidence": 0.71, "is_adult": false}, "request_id": "61c717c6-9f16-4b94-85d5-8c614f38d6eb", "ts": "2026-09-29T08:51:53.102Z"}
{"latency_ms": 16.0, "model_id": "mock-good", "model_version": "1.0.0", "output": {"age": 37.8, "confidence": 0.61, "is_adult": true}, "request_id": "febe6e08-55fd-4997-98a6-da38de7d961c", "ts": "2026-09-29T08:51:53.119Z"}
{"latency_ms": 15.6, "model_id": "mock-good", "model_version": "1.0.0", "output": {"age": 23.7, "confidence": 0.59, "is_adult": true}, "request_id": "f70071d6-bacf-4468-97ac-2ada6e25430b", "ts": "2026-09-29T08:51:53.136Z"}
{"latency_ms": 16.1, "model_id": "mock-good", "model_version": "1.0.0", "output": {"age": 12.3, "confidence": 0.76, "is_adult": false}, "request_id": "880638a5-2d25-49e8-be16-a4e30978c8fc", "ts": "2026-09-29T08:51:53.154Z"}
{"latency_ms": 15.9, "model_id": "mock-good", "model_version": "1.0.0", "output": {"age": 48.9, "confidence": 0.76, "is_adult": true}, "request_id": "6a67cebf-7d0a-48be-aed0-b371eabc6132", "ts": "2026-09-29T08:51:53.171Z"}
{"latency_ms": 15.8, "model_id": "mock-good", "model_version": "1.0.0", "output": {"age": 30.2, "confidence": 0.72, "is_adult": true}, "request_id": "abcbc1da-66f0-49d8-9689-8c0d2b30c1f4", "ts": "2026-09-29T08:51:53.188Z"}
{"latency_ms": 15.5, "model_id": "mock-good", "model_version": "1.0.0", "output": {"age": 19.0, "confidence": 0.86, "is_adult": true}, "request_id": "c63f0275-eb49-4764-8c9a-70fbdda5e853", "ts": "2026-09-29T08:51:53.205Z"}
{"latency_ms": 16.3, "model_id": "mock-good", "model_version": "1.0.0", "output": {"age": 44.4, "confidence": 0.69, "is_adult": true}, "request_id": "a375393a-cf46-47a7-9e6b-d0460a709cf1", "ts": "2026-09-29T08:51:53.223Z"}
{"latency_ms": 16.5, "model_id": "mock-good", "model_version": "1.0.0", "output": {"age": 54.0, "confidence": 0.67, "is_adult": true}, "request_id": "9b2189b8-5720-40d3-aee4-b516d7dd5f0a", "ts": "2026-09-29T08:51:53.241Z"}
{"latency_ms": 15.8, "model_id": "mock-good", "model_version": "1.0.0", "output": {"age": 14.2, "confidence": 0.7, "is_adult": false}, "request_id": "5d837db5-2e97-4b42-abb6-862980812a89", "ts": "2026-09-29T08:51:53.258Z"}
{"latency_ms": 15.6, "model_id": "mock-good", "model_version": "1.0.0", "output": {"age": 15.7, "confidence": 0.79, "is_adult": false}, "request_id": "abe387ec-ecd8-4762-aff0-3495713daecd", "ts": "2026-09-29T08:51:53.275Z"}
{"latency_ms": 15.6, "model_id": "mock-good", "model_version": "1.0.0", "output": {"age": 20.8, "confidence": 0.86, "is_adult": true}, "request_id": "48670865-0a8e-495d-9a50-72eecce139aa", "ts": "2026-09-29T08:51:53.292Z"}
{"latency_ms": 16.4, "model_id": "mock-good", "model_version": "1.0.0", "output": {"age": 48.4, "confidence": 0.75, "is_adult": true}, "request_id": "111e8a5d-7436-4ec7-9b53-c2896af9e943", "ts": "2026-09-29T08:51:53.310Z"}
{"latency_ms": 15.7, "model_id": "mock-good", "model_version": "1.0.0", "output": {"age": 25.1, "confidence": 0.78, "is_adult": true}, "request_id": "1dbc36d6-7655-4135-9981-272d84db3a28", "ts": "2026-09-29T08:51:53.327Z"}
{"latency_ms": 16.0, "model_id": "mock-good", "model_version": "1.0.0", "output": {"age": 14.3, "confidence": 0.49, "is_adult": false}, "request_id": "bf95298d-c1b1-4d26-8b55-b51de6d941ba", "ts": "2026-09-29T08:51:53.344Z"}
{"latency_ms": 15.9, "model_id": "mock-good", "model_version": "1.0.0", "output": {"age": 29.9, "confidence": 0.63, "is_adult": true}, "request_id": "44cde4b0-c470-49b1-a3f6-57ff9bbbaf21", "ts": "2026-09-29T08:51:53.362Z"}
{"latency_ms": 16.3, "model_id": "mock-good", "model_version": "1.0.0", "output": {"age": 44.3, "confidence": 0.69, "is_adult": true}, "request_id": "174b1eda-87e7-42b7-8a88-1984ee7befb8", "ts": "2026-09-29T08:51:53.379Z"}
{"latency_ms": 16.1, "model_id": "mock-good", "model_version": "1.0.0", "output": {"age": 22.0, "confidence": 0.53, "is_adult": true}, "request_id": "c0a93614-0b7f-42d0-a07b-35d22b00ffe4", "ts": "2026-09-29T08:51:53.397Z"}
{"latency_ms": 16.0, "model_id": "mock-good", "model_version": "1.0.0", "output": {"age": 20.8, "confidence": 0.86, "is_adult": true}, "request_id": "d7b6a976-e17a-4a4b-8a6a-28dd73dd84ec", "ts": "2026-09-29T08:51:53.415Z"}
{"latency_ms": 15.8, "model_id": "mock-good", "model_version": "1.0.0", "output": {"age": 26.8, "confidence": 0.86, "is_adult": true}, "request_id": "01c8dd4f-7b0f-40da-9ece-4293bac1be94", "ts": "2026-09-29T08:51:53.432Z"}
{"latency_ms": 15.9, "model_id": "mock-good", "model_version": "1.0.0", "output": {"age": 44.0, "confidence": 0.82, "is_adult": true}, "request_id": "d6c8a793-71f3-4b8e-88e8-145ecd8f6e29", "ts": "2026-09-29T08:51:53.449Z"}
{"latency_ms": 16.6, "model_id": "mock-good", "model_version": "1.0.0", "output": {"age": 60.4, "confidence": 0.69, "is_adult": true}, "request_id": "a9e91ae4-84f3-46ba-8e3b-098411fd57d2", "ts": "2026-09-29T08:51:53.468Z"}
{"latency_ms": 16.2, "model_id": "mock-good", "model_version": "1.0.0", "output": {"age": 64.8, "confidence": 0.9, "is_adult": true}, "request_id": "436a2ccc-9957-4c82-adc5-f345ab545dc4", "ts": "2026-09-29T08:51:53.485Z"}
{"latency_ms": 16.1, "model_id": "mock-good", "model_version": "1.0.0", "output": {"age": 37.9, "confidence": 0.73, "is_adult": true}, "request_id": "8aafe169-806c-4463-a448-3ceb71f1388c", "ts": "2026-09-29T08:51:53.503Z"}
{"latency_ms": 15.9, "model_id": "mock-good", "model_version": "1.0.0", "output": {"age": 52.9, "confidence": 0.76, "is_adult": true}, "request_id": "5c1859f0-b0bc-4de9-9e8c-fa304bbc23a6", "ts": "2026-09-29T08:51:53.521Z"}
{"latency_ms": 16.0, "model_id": "mock-good", "model_version": "1.0.0", "output": {"age": 46.4, "confidence": 0.74, "is_adult": true}, "request_id": "81bcb4c1-c1a4-4129-b4f7-e0b4dc12719c", "ts": "2026-09-29T08:51:53.542Z"}
{"latency_ms": 15.9, "model_id": "mock-good", "model_version": "1.0.0", "output": {"age": 53.0, "confidence": 0.86, "is_adult": true}, "request_id": "9b220b99-8e5b-4e14-a875-586ea52d4795", "ts": "2026-09-29T08:51:53.559Z"}
{"latency_ms": 15.9, "model_id": "mock-good", "model_version": "1.0.0", "output": {"age": 10.1, "confidence": 0.39, "is_adult": false}, "request_id": "3f36497f-3dd8-4c74-beba-6553d23b3152", "ts": "2026-09-29T08:51:53.576Z"}
{"latency_ms": 15.7, "model_id": "mock-good", "model_version": "1.0.0", "output": {"age": 17.1, "confidence": 0.85, "is_adult": false}, "request_id": "ba710080-0ee1-49b2-9d48-7771e7e6702c", "ts": "2026-09-29T08:51:53.593Z"}
{"latency_ms": 15.8, "model_id": "mock-good", "model_version": "1.0.0", "output": {"age": 16.9, "confidence": 0.77, "is_adult": false}, "request_id": "6e156f70-6b49-48c3-856f-5cfdca5d9a51", "ts": "2026-09-29T08:51:53.611Z"}
{"latency_ms": 16.0, "model_id": "mock-good", "model_version": "1.0.0", "output": {"age": 53.0, "confidence": 0.77, "is_adult": true}, "request_id": "5f13e22e-7fe9-4c42-98fd-63273ea983de", "ts": "2026-09-29T08:51:53.628Z"}
{"latency_ms": 16.0, "model_id": "mock-good", "model_version": "1.0.0", "output": {"age": 47.3, "confidence": 0.76, "is_adult": true}, "request_id": "75edafd6-0ae6-44a0-b964-533cae409b1e", "ts": "2026-09-29T08:51:53.646Z"}
{"latency_ms": 15.8, "model_id": "mock-good", "model_version": "1.0.0", "output": {"age": 10.2, "confidence": 0.67, "is_adult": false}, "request_id": "f9d261a7-e79d-4a6e-987b-19f3cb890e6a", "ts": "2026-09-29T08:51:53.663Z"}
{"latency_ms": 15.6, "model_id": "mock-good", "model_version": "1.0.0", "output": {"age": 16.4, "confidence": 0.79, "is_adult": false}, "request_id": "0108c28d-144c-43bc-9244-05c745dd13e4", "ts": "2026-09-29T08:51:53.681Z"}
{"latency_ms": 16.0, "model_id": "mock-good", "model_version": "1.0.0", "output": {"age": 45.6, "confidence": 0.7, "is_adult": true}, "request_id": "04061485-749f-4e22-81f8-3cbb51f286f5", "ts": "2026-09-29T08:51:53.698Z"}
{"latency_ms": 15.7, "model_id": "mock-good", "model_version": "1.0.0", "output": {"age": 15.6, "confidence": 0.52, "is_adult": false}, "request_id": "b1b3697b-f929-46cf-b84d-c249ce736af4", "ts": "2026-09-29T08:51:53.715Z"}
{"latency_ms": 15.6, "model_id": "mock-good", "model_version": "1.0.0", "output": {"age": 10.3, "confidence": 0.74, "is_adult": false}, "request_id": "cde993ea-08f1-49e6-9870-ab4150922399", "ts": "2026-09-29T08:51:53.733Z"}
{"latency_ms": 15.8, "model_id": "mock-good", "model_version": "1.0.0", "output": {"age": 14.3, "confidence": 0.71, "is_adult": false}, "request_id": "f6dde6e6-a2ee-4054-a582-920ef4c605a6", "ts": "2026-09-29T08:51:53.750Z"}
{"latency_ms": 19.6, "model_id": "mock-good", "model_version": "1.0.0", "output": {"age": 14.2, "confidence": 0.78, "is_adult": false}, "request_id": "70d3783d-d6a1-4ea6-8614-1af94d5b8ff1", "ts": "2026-09-29T08:51:53.771Z"}
{"latency_ms": 15.9, "model_id": "mock-good", "model_version": "1.0.0", "output": {"age": 17.4, "confidence": 0.85, "is_adult": false}, "request_id": "0c6540b2-bfbb-4f73-8f70-e1d46de7bfc3", "ts": "2026-09-29T08:51:53.788Z"}
{"latency_ms": 16.0, "model_id": "mock-good", "model_version": "1.0.0", "output": {"age": 31.4, "confidence": 0.77, "is_adult": true}, "request_id": "c80e459e-b067-41c8-b0d0-ee90cd76b366", "ts": "2026-09-29T08:51:53.805Z"}
{"latency_ms": 15.6, "model_id": "mock-good", "model_version": "1.0.0", "output": {"age": 10.3, "confidence": 0.41, "is_adult": false}, "request_id": "6a5a9616-0c1b-487a-897a-7e05831a09d2", "ts": "2026-09-29T08:51:53.822Z"}
{"latency_ms": 15.7, "model_id": "mock-good", "model_version": "1.0.0", "output": {"age": 47.2, "confidence": 0.85, "is_adult": true}, "request_id": "42fb4ae7-96b9-461c-8377-65c5e0f5d9a9", "ts": "2026-09-29T08:51:53.840Z"}
{"latency_ms": 16.0, "model_id": "mock-good", "model_version": "1.0.0", "output": {"age": 50.0, "confidence": 0.65, "is_adult": true}, "request_id": "1d8bcb57-3a89-4080-a74c-222aa85f014b", "ts": "2026-09-29T08:51:53.857Z"}
{"latency_ms": 16.0, "model_id": "mock-good", "model_version": "1.0.0", "output": {"age": 30.0, "confidence": 0.63, "is_adult": true}, "request_id": "d044a977-f8b9-436a-8bb5-658752383532", "ts": "2026-09-29T08:51:53.875Z"}
{"latency_ms": 16.0, "model_id": "mock-good", "model_version": "1.0.0", "output": {"age": 45.4, "confidence": 0.85, "is_adult": true}, "request_id": "d0671e5d-059f-45f5-9d55-c33e5270747b", "ts": "2026-09-29T08:51:53.892Z"}
{"latency_ms": 15.6, "model_id": "mock-good", "model_version": "1.0.0", "output": {"age": 23.2, "confidence": 0.87, "is_adult": true}, "request_id": "d7843ac7-67e7-4611-8de1-5d36b64c540f", "ts": "2026-09-29T08:51:53.909Z"}
{"latency_ms": 16.2, "model_id": "mock-good", "model_version": "1.0.0", "output": {"age": 43.8, "confidence": 0.63, "is_adult": true}, "request_id": "f60a4e99-b3ba-48ad-a370-952213b29c7b", "ts": "2026-09-29T08:51:53.927Z"}
{"latency_ms": 15.9, "model_id": "mock-good", "model_version": "1.0.0", "output": {"age": 59.4, "confidence": 0.88, "is_adult": true}, "request_id": "db51933e-0e6b-471c-8760-1f979a71389a", "ts": "2026-09-29T08:51:53.944Z"}
{"latency_ms": 16.5, "model_id": "mock-good", "model_version": "1.0.0", "output": {"age": 66.4, "confidence": 0.83, "is_adult": true}, "request_id": "8221194b-2dd8-4e2c-8f38-ee851b4a2ecd", "ts": "2026-09-29T08:51:53.962Z"}
{"latency_ms": 15.9, "model_id": "mock-good", "model_version": "1.0.0", "output": {"age": 10.2, "confidence": 0.39, "is_adult": false}, "request_id": "d82243db-9e23-491d-975c-56c6d7018b7c", "ts": "2026-09-29T08:51:53.979Z"}
{"latency_ms": 15.9, "model_id": "mock-good", "model_version": "1.0.0", "output": {"age": 13.7, "confidence": 0.49, "is_adult": false}, "request_id": "408efded-833e-4512-8b56-b790ff2ee84f", "ts": "2026-09-29T08:51:53.996Z"}
{"latency_ms": 16.1, "model_id": "mock-good", "model_version": "1.0.0", "output": {"age": 36.1, "confidence": 0.73, "is_adult": true}, "request_id": "d5a3041c-edc5-48b3-835a-76c9884d86c0", "ts": "2026-09-29T08:51:54.013Z"}
{"latency_ms": 15.6, "model_id": "mock-good", "model_version": "1.0.0", "output": {"age": 22.8, "confidence": 0.86, "is_adult": true}, "request_id": "acbb30bc-0340-432b-8327-879550c0af06", "ts": "2026-09-29T08:51:54.031Z"}
{"latency_ms": 15.7, "model_id": "mock-good", "model_version": "1.0.0", "output": {"age": 41.0, "confidence": 0.85, "is_adult": true}, "request_id": "84338255-4c96-4671-aff6-ef776d183c23", "ts": "2026-09-29T08:51:54.048Z"}
{"latency_ms": 16.4, "model_id": "mock-good", "model_version": "1.0.0", "output": {"age": 46.0, "confidence": 0.63, "is_adult": true}, "request_id": "5a7ae69b-2369-4517-a550-d4084a009241", "ts": "2026-09-29T08:51:54.065Z"}
{"latency_ms": 16.2, "model_id": "mock-good", "model_version": "1.0.0", "output": {"age": 60.2, "confidence": 0.77, "is_adult": true}, "request_id": "a9ee6c17-aecb-4b9b-b80c-85c9d8920f34", "ts": "2026-09-29T08:51:54.083Z"}
{"latency_ms": 15.7, "model_id": "mock-good", "model_version": "1.0.0", "output": {"age": 14.0, "confidence": 0.46, "is_adult": false}, "request_id": "284e3a2e-6fa7-4db8-aeb2-497091b281e4", "ts": "2026-09-29T08:51:54.100Z"}
{"latency_ms": 15.6, "model_id": "mock-good", "model_version": "1.0.0", "output": {"age": 13.7, "confidence": 0.71, "is_adult": false}, "request_id": "9a8d8bde-f4ae-4aaa-b30f-b95bc351199a", "ts": "2026-09-29T08:51:54.117Z"}
{"latency_ms": 16.1, "model_id": "mock-good", "model_version": "1.0.0", "output": {"age": 15.8, "confidence": 0.48, "is_adult": false}, "request_id": "db7d7e1d-913b-43ac-8f8c-c448ce047866", "ts": "2026-09-29T08:51:54.135Z"}
{"latency_ms": 15.6, "model_id": "mock-good", "model_version": "1.0.0", "output": {"age": 15.9, "confidence": 0.79, "is_adult": false}, "request_id": "1560f2e9-8757-4e08-9e14-22b02eff7fb2", "ts": "2026-09-29T08:51:54.152Z"}
{"latency_ms": 15.7, "model_id": "mock-good", "model_version": "1.0.0", "output": {"age": 14.0, "confidence": 0.71, "is_adult": false}, "request_id": "abfe8e5b-25db-4cb3-9f90-dbca6c3b4658", "ts": "2026-09-29T08:51:54.169Z"}
{"latency_ms": 15.8, "model_id": "mock-good", "model_version": "1.0.0", "output": {"age": 49.7, "confidence": 0.84, "is_adult": true}, "request_id": "cd957e0d-579d-4241-9f77-029040e84b72", "ts": "2026-09-29T08:51:54.186Z"}
{"latency_ms": 15.7, "model_id": "mock-good", "model_version": "1.0.0", "output": {"age": 23.2, "confidence": 0.77, "is_adult": true}, "request_id": "1308e947-fff7-48c9-8e68-29592ed5733c", "ts": "2026-09-29T08:51:54.204Z"}
{"latency_ms": 16.1, "model_id": "mock-good", "model_version": "1.0.0", "output": {"age": 61.6, "confidence": 0.78, "is_adult": true}, "request_id": "82e80f43-0cad-4f25-a2fa-e3a2a4007654", "ts": "2026-09-29T08:51:54.221Z"}
{"latency_ms": 15.7, "model_id": "mock-good", "model_version": "1.0.0", "output": {"age": 13.9, "confidence": 0.71, "is_adult": false}, "request_id": "2c888e24-aa4b-406b-8395-9d88730115b7", "ts": "2026-09-29T08:51:54.238Z"}
{"latency_ms": 16.1, "model_id": "mock-good", "model_version": "1.0.0", "output": {"age": 14.3, "confidence": 0.46, "is_adult": false}, "request_id": "a92945ac-45a1-45e5-b11e-66f79fc5ae59", "ts": "2026-09-29T08:51:54.256Z"}
{"latency_ms": 16.0, "model_id": "mock-good", "model_version": "1.0.0", "output": {"age": 10.2, "confidence": 0.67, "is_adult": false}, "request_id": "5bea5872-f58d-49a9-917d-f9a32c78e62e", "ts": "2026-09-29T08:51:54.273Z"}
{"latency_ms": 15.9, "model_id": "mock-good", "model_version": "1.0.0", "output": {"age": 15.9, "confidence": 0.49, "is_adult": false}, "request_id": "8241b735-ef4c-4aa9-af90-ee6b7511cd7b", "ts": "2026-09-29T08:51:54.291Z"}
{"latency_ms": 16.0, "model_id": "mock-good", "model_version": "1.0.0", "output": {"age": 55.1, "confidence": 0.77, "is_adult": true}, "request_id": "4fa7533a-03c2-4c41-90e1-ea8a35b0925c", "ts": "2026-09-29T08:51:54.308Z"}
{"latency_ms": 16.0, "model_id": "mock-good", "model_version": "1.0.0", "output": {"age": 13.7, "confidence": 0.78, "is_adult": false}, "request_id": "67e327e0-62df-48f9-a8d6-2b2c71ee6f35", "ts": "2026-09-29T08:51:54.326Z"}
{"latency_ms": 15.6, "model_id": "mock-good", "model_version": "1.0.0", "output": {"age": 18.3, "confidence": 0.54, "is_adult": true}, "request_id": "87247a84-38de-4c74-82b0-201b8d6e4318", "ts": "2026-09-29T08:51:54.343Z"}
{"latency_ms": 15.8, "model_id": "mock-good", "model_version": "1.0.0", "output": {"age": 32.8, "confidence": 0.85, "is_adult": true}, "request_id": "cb8bcef3-8a35-4ce0-ae73-583c915558a6", "ts": "2026-09-29T08:51:54.360Z"}
{"latency_ms": 15.8, "model_id": "mock-good", "model_version": "1.0.0", "output": {"age": 10.2, "confidence": 0.39, "is_adult": false}, "request_id": "74ada1a5-9242-414b-a517-adee162947e7", "ts": "2026-09-29T08:51:54.377Z"}
{"latency_ms": 16.2, "model_id": "mock-good", "model_version": "1.0.0", "output": {"age": 31.7, "confidence": 0.72, "is_adult": true}, "request_id": "697436a8-7057-4b99-a074-6ebbe8ac00c2", "ts": "2026-09-29T08:51:54.395Z"}
{"latency_ms": 16.0, "model_id": "mock-good", "model_version": "1.0.0", "output": {"age": 12.2, "confidence": 0.46, "is_adult": false}, "request_id": "d7412907-2723-4660-9e35-d488bf412175", "ts": "2026-09-29T08:51:54.412Z"}
{"latency_ms": 16.3, "model_id": "mock-good", "model_version": "1.0.0", "output": {"age": 14.2, "confidence": 0.49, "is_adult": false}, "request_id": "b65fca09-f96f-455a-8f8d-d959487a217d", "ts": "2026-09-29T08:51:54.430Z"}
{"latency_ms": 16.8, "model_id": "mock-good", "model_version": "1.0.0", "output": {"age": 24.0, "confidence": 0.59, "is_adult": true}, "request_id": "7c750538-4656-46a7-b2cc-9d32736201c7", "ts": "2026-09-29T08:51:54.448Z"}
{"latency_ms": 16.9, "model_id": "mock-good", "model_version": "1.0.0", "output": {"age": 10.1, "confidence": 0.68, "is_adult": false}, "request_id": "308b914c-c641-4b06-b285-4213e1a0e4d2", "ts": "2026-09-29T08:51:54.467Z"}
{"latency_ms": 17.1, "model_id": "mock-good", "model_version": "1.0.0", "output": {"age": 20.9, "confidence": 0.78, "is_adult": true}, "request_id": "8c111a78-f5d4-43a1-adac-599c77e70628", "ts": "2026-09-29T08:51:54.485Z"}
{"latency_ms": 16.1, "model_id": "mock-good", "model_version": "1.0.0", "output": {"age": 67.0, "confidence": 0.81, "is_adult": true}, "request_id": "38d34c19-40cd-4e7c-b656-99362a565038", "ts": "2026-09-29T08:51:54.503Z"}
{"latency_ms": 16.0, "model_id": "mock-good", "model_version": "1.0.0", "output": {"age": 43.1, "confidence": 0.76, "is_adult": true}, "request_id": "ca4d3ec5-1edc-453f-b7ee-2568a425ef4c", "ts": "2026-09-29T08:51:54.520Z"}
{"latency_ms": 15.8, "model_id": "mock-good", "model_version": "1.0.0", "output": {"age": 14.4, "confidence": 0.49, "is_adult": false}, "request_id": "b9d32cee-f096-403d-a228-5c92d981e0d1", "ts": "2026-09-29T08:51:54.537Z"}
{"latency_ms": 17.0, "model_id": "mock-good", "model_version": "1.0.0", "output": {"age": 11.9, "confidence": 0.46, "is_adult": false}, "request_id": "cae3e0e1-3c4c-4834-8c04-54ac9c782679", "ts": "2026-09-29T08:51:54.556Z"}
{"latency_ms": 15.7, "model_id": "mock-good", "model_version": "1.0.0", "output": {"age": 17.3, "confidence": 0.85, "is_adult": false}, "request_id": "8ce8c367-8072-4755-94f2-dcd15cc7dbf7", "ts": "2026-09-29T08:51:54.573Z"}
{"latency_ms": 18.4, "model_id": "mock-good", "model_version": "1.0.0", "output": {"age": 51.7, "confidence": 0.72, "is_adult": true}, "request_id": "9e8501d3-378f-485a-815c-e26cf8adf227", "ts": "2026-09-29T08:51:54.593Z"}